Archive member included to satisfy reference by file (symbol)

c:/st/stm32cubeide_1.7.0/stm32cubeide/plugins/com.st.stm32cube.ide.mcu.externaltools.gnu-tools-for-stm32.9-2020-q2-update.win32_2.0.0.202105311346/tools/bin/../lib/gcc/arm-none-eabi/9.3.1/../../../../arm-none-eabi/lib/thumb/v7e-m+fp/hard\libc_nano.a(lib_a-errno.o)
                              ./Core/Src/syscalls.o (__errno)
c:/st/stm32cubeide_1.7.0/stm32cubeide/plugins/com.st.stm32cube.ide.mcu.externaltools.gnu-tools-for-stm32.9-2020-q2-update.win32_2.0.0.202105311346/tools/bin/../lib/gcc/arm-none-eabi/9.3.1/../../../../arm-none-eabi/lib/thumb/v7e-m+fp/hard\libc_nano.a(lib_a-exit.o)
                              c:/st/stm32cubeide_1.7.0/stm32cubeide/plugins/com.st.stm32cube.ide.mcu.externaltools.gnu-tools-for-stm32.9-2020-q2-update.win32_2.0.0.202105311346/tools/bin/../lib/gcc/arm-none-eabi/9.3.1/../../../../arm-none-eabi/lib/thumb/v7e-m+fp/hard/crt0.o (exit)
c:/st/stm32cubeide_1.7.0/stm32cubeide/plugins/com.st.stm32cube.ide.mcu.externaltools.gnu-tools-for-stm32.9-2020-q2-update.win32_2.0.0.202105311346/tools/bin/../lib/gcc/arm-none-eabi/9.3.1/../../../../arm-none-eabi/lib/thumb/v7e-m+fp/hard\libc_nano.a(lib_a-impure.o)
                              c:/st/stm32cubeide_1.7.0/stm32cubeide/plugins/com.st.stm32cube.ide.mcu.externaltools.gnu-tools-for-stm32.9-2020-q2-update.win32_2.0.0.202105311346/tools/bin/../lib/gcc/arm-none-eabi/9.3.1/../../../../arm-none-eabi/lib/thumb/v7e-m+fp/hard\libc_nano.a(lib_a-exit.o) (_global_impure_ptr)
c:/st/stm32cubeide_1.7.0/stm32cubeide/plugins/com.st.stm32cube.ide.mcu.externaltools.gnu-tools-for-stm32.9-2020-q2-update.win32_2.0.0.202105311346/tools/bin/../lib/gcc/arm-none-eabi/9.3.1/../../../../arm-none-eabi/lib/thumb/v7e-m+fp/hard\libc_nano.a(lib_a-init.o)
                              c:/st/stm32cubeide_1.7.0/stm32cubeide/plugins/com.st.stm32cube.ide.mcu.externaltools.gnu-tools-for-stm32.9-2020-q2-update.win32_2.0.0.202105311346/tools/bin/../lib/gcc/arm-none-eabi/9.3.1/../../../../arm-none-eabi/lib/thumb/v7e-m+fp/hard/crt0.o (__libc_init_array)
c:/st/stm32cubeide_1.7.0/stm32cubeide/plugins/com.st.stm32cube.ide.mcu.externaltools.gnu-tools-for-stm32.9-2020-q2-update.win32_2.0.0.202105311346/tools/bin/../lib/gcc/arm-none-eabi/9.3.1/../../../../arm-none-eabi/lib/thumb/v7e-m+fp/hard\libc_nano.a(lib_a-memset.o)
                              c:/st/stm32cubeide_1.7.0/stm32cubeide/plugins/com.st.stm32cube.ide.mcu.externaltools.gnu-tools-for-stm32.9-2020-q2-update.win32_2.0.0.202105311346/tools/bin/../lib/gcc/arm-none-eabi/9.3.1/../../../../arm-none-eabi/lib/thumb/v7e-m+fp/hard/crt0.o (memset)
c:/st/stm32cubeide_1.7.0/stm32cubeide/plugins/com.st.stm32cube.ide.mcu.externaltools.gnu-tools-for-stm32.9-2020-q2-update.win32_2.0.0.202105311346/tools/bin/../lib/gcc/arm-none-eabi/9.3.1/thumb/v7e-m+fp/hard\libgcc.a(_aeabi_uldivmod.o)
                              ./Drivers/STM32F4xx_HAL_Driver/Src/stm32f4xx_hal_rcc.o (__aeabi_uldivmod)
c:/st/stm32cubeide_1.7.0/stm32cubeide/plugins/com.st.stm32cube.ide.mcu.externaltools.gnu-tools-for-stm32.9-2020-q2-update.win32_2.0.0.202105311346/tools/bin/../lib/gcc/arm-none-eabi/9.3.1/thumb/v7e-m+fp/hard\libgcc.a(_udivmoddi4.o)
                              c:/st/stm32cubeide_1.7.0/stm32cubeide/plugins/com.st.stm32cube.ide.mcu.externaltools.gnu-tools-for-stm32.9-2020-q2-update.win32_2.0.0.202105311346/tools/bin/../lib/gcc/arm-none-eabi/9.3.1/thumb/v7e-m+fp/hard\libgcc.a(_aeabi_uldivmod.o) (__udivmoddi4)
c:/st/stm32cubeide_1.7.0/stm32cubeide/plugins/com.st.stm32cube.ide.mcu.externaltools.gnu-tools-for-stm32.9-2020-q2-update.win32_2.0.0.202105311346/tools/bin/../lib/gcc/arm-none-eabi/9.3.1/thumb/v7e-m+fp/hard\libgcc.a(_dvmd_tls.o)
                              c:/st/stm32cubeide_1.7.0/stm32cubeide/plugins/com.st.stm32cube.ide.mcu.externaltools.gnu-tools-for-stm32.9-2020-q2-update.win32_2.0.0.202105311346/tools/bin/../lib/gcc/arm-none-eabi/9.3.1/thumb/v7e-m+fp/hard\libgcc.a(_aeabi_uldivmod.o) (__aeabi_ldiv0)

Allocating common symbols
Common symbol       size              file

uwTick              0x4               ./Drivers/STM32F4xx_HAL_Driver/Src/stm32f4xx_hal.o
pFlash              0x20              ./Drivers/STM32F4xx_HAL_Driver/Src/stm32f4xx_hal_flash.o
myADCtypeDef        0x48              ./Core/Src/main.o
adcValue            0x4               ./Core/Src/main.o

Discarded input sections

 .text          0x0000000000000000        0x0 c:/st/stm32cubeide_1.7.0/stm32cubeide/plugins/com.st.stm32cube.ide.mcu.externaltools.gnu-tools-for-stm32.9-2020-q2-update.win32_2.0.0.202105311346/tools/bin/../lib/gcc/arm-none-eabi/9.3.1/thumb/v7e-m+fp/hard/crti.o
 .data          0x0000000000000000        0x0 c:/st/stm32cubeide_1.7.0/stm32cubeide/plugins/com.st.stm32cube.ide.mcu.externaltools.gnu-tools-for-stm32.9-2020-q2-update.win32_2.0.0.202105311346/tools/bin/../lib/gcc/arm-none-eabi/9.3.1/thumb/v7e-m+fp/hard/crti.o
[...]
Memory Configuration

Name             Origin             Length             Attributes
CCMRAM           0x0000000010000000 0x0000000000010000 xrw
RAM              0x0000000020000000 0x0000000000020000 xrw
FLASH            0x0000000008000000 0x0000000000100000 xr
*default*        0x0000000000000000 0xffffffffffffffff

Linker script and memory map

LOAD c:/st/stm32cubeide_1.7.0/stm32cubeide/plugins/com.st.stm32cube.ide.mcu.externaltools.gnu-tools-for-stm32.9-2020-q2-update.win32_2.0.0.202105311346/tools/bin/../lib/gcc/arm-none-eabi/9.3.1/thumb/v7e-m+fp/hard/crti.o
LOAD c:/st/stm32cubeide_1.7.0/stm32cubeide/plugins/com.st.stm32cube.ide.mcu.externaltools.gnu-tools-for-stm32.9-2020-q2-update.win32_2.0.0.202105311346/tools/bin/../lib/gcc/arm-none-eabi/9.3.1/thumb/v7e-m+fp/hard/crtbegin.o
LOAD c:/st/stm32cubeide_1.7.0/stm32cubeide/plugins/com.st.stm32cube.ide.mcu.externaltools.gnu-tools-for-stm32.9-2020-q2-update.win32_2.0.0.202105311346/tools/bin/../lib/gcc/arm-none-eabi/9.3.1/../../../../arm-none-eabi/lib/thumb/v7e-m+fp/hard/crt0.o
LOAD ./Core/Src/main.o
LOAD ./Core/Src/stm32f4xx_hal_msp.o
LOAD ./Core/Src/stm32f4xx_it.o
LOAD ./Core/Src/syscalls.o
LOAD ./Core/Src/sysmem.o
LOAD ./Core/Src/system_stm32f4xx.o
LOAD ./Core/Startup/startup_stm32f407vgtx.o
LOAD ./Drivers/STM32F4xx_HAL_Driver/Src/stm32f4xx_hal.o
LOAD ./Drivers/STM32F4xx_HAL_Driver/Src/stm32f4xx_hal_adc.o
LOAD ./Drivers/STM32F4xx_HAL_Driver/Src/stm32f4xx_hal_adc_ex.o
LOAD ./Drivers/STM32F4xx_HAL_Driver/Src/stm32f4xx_hal_cortex.o
LOAD ./Drivers/STM32F4xx_HAL_Driver/Src/stm32f4xx_hal_dma.o
LOAD ./Drivers/STM32F4xx_HAL_Driver/Src/stm32f4xx_hal_dma_ex.o
LOAD ./Drivers/STM32F4xx_HAL_Driver/Src/stm32f4xx_hal_exti.o
LOAD ./Drivers/STM32F4xx_HAL_Driver/Src/stm32f4xx_hal_flash.o
LOAD ./Drivers/STM32F4xx_HAL_Driver/Src/stm32f4xx_hal_flash_ex.o
LOAD ./Drivers/STM32F4xx_HAL_Driver/Src/stm32f4xx_hal_flash_ramfunc.o
LOAD ./Drivers/STM32F4xx_HAL_Driver/Src/stm32f4xx_hal_gpio.o
LOAD ./Drivers/STM32F4xx_HAL_Driver/Src/stm32f4xx_hal_pwr.o
LOAD ./Drivers/STM32F4xx_HAL_Driver/Src/stm32f4xx_hal_pwr_ex.o
LOAD ./Drivers/STM32F4xx_HAL_Driver/Src/stm32f4xx_hal_rcc.o
LOAD ./Drivers/STM32F4xx_HAL_Driver/Src/stm32f4xx_hal_rcc_ex.o
LOAD ./Drivers/STM32F4xx_HAL_Driver/Src/stm32f4xx_hal_tim.o
LOAD ./Drivers/STM32F4xx_HAL_Driver/Src/stm32f4xx_hal_tim_ex.o
LOAD ./Drivers/STM32F4xx_HAL_Driver/Src/stm32f4xx_ll_adc.o
START GROUP
LOAD c:/st/stm32cubeide_1.7.0/stm32cubeide/plugins/com.st.stm32cube.ide.mcu.externaltools.gnu-tools-for-stm32.9-2020-q2-update.win32_2.0.0.202105311346/tools/bin/../lib/gcc/arm-none-eabi/9.3.1/../../../../arm-none-eabi/lib/thumb/v7e-m+fp/hard\libc_nano.a
LOAD c:/st/stm32cubeide_1.7.0/stm32cubeide/plugins/com.st.stm32cube.ide.mcu.externaltools.gnu-tools-for-stm32.9-2020-q2-update.win32_2.0.0.202105311346/tools/bin/../lib/gcc/arm-none-eabi/9.3.1/../../../../arm-none-eabi/lib/thumb/v7e-m+fp/hard\libm.a
END GROUP
START GROUP
LOAD c:/st/stm32cubeide_1.7.0/stm32cubeide/plugins/com.st.stm32cube.ide.mcu.externaltools.gnu-tools-for-stm32.9-2020-q2-update.win32_2.0.0.202105311346/tools/bin/../lib/gcc/arm-none-eabi/9.3.1/thumb/v7e-m+fp/hard\libgcc.a
LOAD c:/st/stm32cubeide_1.7.0/stm32cubeide/plugins/com.st.stm32cube.ide.mcu.externaltools.gnu-tools-for-stm32.9-2020-q2-update.win32_2.0.0.202105311346/tools/bin/../lib/gcc/arm-none-eabi/9.3.1/../../../../arm-none-eabi/lib/thumb/v7e-m+fp/hard\libc_nano.a
END GROUP
START GROUP
LOAD c:/st/stm32cubeide_1.7.0/stm32cubeide/plugins/com.st.stm32cube.ide.mcu.externaltools.gnu-tools-for-stm32.9-2020-q2-update.win32_2.0.0.202105311346/tools/bin/../lib/gcc/arm-none-eabi/9.3.1/thumb/v7e-m+fp/hard\libgcc.a
LOAD c:/st/stm32cubeide_1.7.0/stm32cubeide/plugins/com.st.stm32cube.ide.mcu.externaltools.gnu-tools-for-stm32.9-2020-q2-update.win32_2.0.0.202105311346/tools/bin/../lib/gcc/arm-none-eabi/9.3.1/../../../../arm-none-eabi/lib/thumb/v7e-m+fp/hard\libc_nano.a
LOAD c:/st/stm32cubeide_1.7.0/stm32cubeide/plugins/com.st.stm32cube.ide.mcu.externaltools.gnu-tools-for-stm32.9-2020-q2-update.win32_2.0.0.202105311346/tools/bin/../lib/gcc/arm-none-eabi/9.3.1/../../../../arm-none-eabi/lib/thumb/v7e-m+fp/hard\libnosys.a
END GROUP
START GROUP
LOAD c:/st/stm32cubeide_1.7.0/stm32cubeide/plugins/com.st.stm32cube.ide.mcu.externaltools.gnu-tools-for-stm32.9-2020-q2-update.win32_2.0.0.202105311346/tools/bin/../lib/gcc/arm-none-eabi/9.3.1/thumb/v7e-m+fp/hard\libgcc.a
LOAD c:/st/stm32cubeide_1.7.0/stm32cubeide/plugins/com.st.stm32cube.ide.mcu.externaltools.gnu-tools-for-stm32.9-2020-q2-update.win32_2.0.0.202105311346/tools/bin/../lib/gcc/arm-none-eabi/9.3.1/../../../../arm-none-eabi/lib/thumb/v7e-m+fp/hard\libc_nano.a
LOAD c:/st/stm32cubeide_1.7.0/stm32cubeide/plugins/com.st.stm32cube.ide.mcu.externaltools.gnu-tools-for-stm32.9-2020-q2-update.win32_2.0.0.202105311346/tools/bin/../lib/gcc/arm-none-eabi/9.3.1/../../../../arm-none-eabi/lib/thumb/v7e-m+fp/hard\libnosys.a
END GROUP
LOAD c:/st/stm32cubeide_1.7.0/stm32cubeide/plugins/com.st.stm32cube.ide.mcu.externaltools.gnu-tools-for-stm32.9-2020-q2-update.win32_2.0.0.202105311346/tools/bin/../lib/gcc/arm-none-eabi/9.3.1/thumb/v7e-m+fp/hard/crtend.o
LOAD c:/st/stm32cubeide_1.7.0/stm32cubeide/plugins/com.st.stm32cube.ide.mcu.externaltools.gnu-tools-for-stm32.9-2020-q2-update.win32_2.0.0.202105311346/tools/bin/../lib/gcc/arm-none-eabi/9.3.1/thumb/v7e-m+fp/hard/crtn.o
                0x0000000020020000                _estack = (ORIGIN (RAM) + LENGTH (RAM))
                0x0000000000000200                _Min_Heap_Size = 0x200
                0x0000000000000400                _Min_Stack_Size = 0x400

.isr_vector     0x0000000008000000      0x188
                0x0000000008000000                . = ALIGN (0x4)
 *(.isr_vector)
 .isr_vector    0x0000000008000000      0x188 ./Core/Startup/startup_stm32f407vgtx.o
                0x0000000008000000                g_pfnVectors
                0x0000000008000188                . = ALIGN (0x4)

.text           0x0000000008000188     0x125c
                0x0000000008000188                . = ALIGN (0x4)
 *(.text)
 .text          0x0000000008000188       0x40 c:/st/stm32cubeide_1.7.0/stm32cubeide/plugins/com.st.stm32cube.ide.mcu.externaltools.gnu-tools-for-stm32.9-2020-q2-update.win32_2.0.0.202105311346/tools/bin/../lib/gcc/arm-none-eabi/9.3.1/thumb/v7e-m+fp/hard/crtbegin.o
 *(.text*)
 .text.main     0x00000000080001c8       0x4c ./Core/Src/main.o
                0x00000000080001c8                main
 .text.GPIO_Config
                0x0000000008000214       0x48 ./Core/Src/main.o
                0x0000000008000214                GPIO_Config
 .text.ADC_Config
                0x000000000800025c       0x70 ./Core/Src/main.o
                0x000000000800025c                ADC_Config
 .text.Systick_Config
                0x00000000080002cc       0x3c ./Core/Src/main.o
                0x00000000080002cc                Systick_Config
 .text.HAL_MspInit
                0x0000000008000308       0x50 ./Core/Src/stm32f4xx_hal_msp.o
                0x0000000008000308                HAL_MspInit
 .text.HAL_ADC_MspInit
                0x0000000008000358       0x88 ./Core/Src/stm32f4xx_hal_msp.o
                0x0000000008000358                HAL_ADC_MspInit
 .text.NMI_Handler
                0x00000000080003e0        0x6 ./Core/Src/stm32f4xx_it.o
                0x00000000080003e0                NMI_Handler
 .text.HardFault_Handler
                0x00000000080003e6        0x6 ./Core/Src/stm32f4xx_it.o
                0x00000000080003e6                HardFault_Handler
 .text.MemManage_Handler
                0x00000000080003ec        0x6 ./Core/Src/stm32f4xx_it.o
                0x00000000080003ec                MemManage_Handler
 .text.BusFault_Handler
                0x00000000080003f2        0x6 ./Core/Src/stm32f4xx_it.o
                0x00000000080003f2                BusFault_Handler
 .text.UsageFault_Handler
                0x00000000080003f8        0x6 ./Core/Src/stm32f4xx_it.o
                0x00000000080003f8                UsageFault_Handler
 .text.SVC_Handler
                0x00000000080003fe        0xe ./Core/Src/stm32f4xx_it.o
                0x00000000080003fe                SVC_Handler
 .text.DebugMon_Handler
                0x000000000800040c        0xe ./Core/Src/stm32f4xx_it.o
                0x000000000800040c                DebugMon_Handler
 .text.PendSV_Handler
                0x000000000800041a        0xe ./Core/Src/stm32f4xx_it.o
                0x000000000800041a                PendSV_Handler
 .text.SysTick_Handler
                0x0000000008000428        0xc ./Core/Src/stm32f4xx_it.o
                0x0000000008000428                SysTick_Handler
 .text.SystemInit
                0x0000000008000434       0x24 ./Core/Src/system_stm32f4xx.o
                0x0000000008000434                SystemInit
 .text.Reset_Handler
                0x0000000008000458       0x50 ./Core/Startup/startup_stm32f407vgtx.o
                0x0000000008000458                Reset_Handler
 .text.Default_Handler
                0x00000000080004a8        0x2 ./Core/Startup/startup_stm32f407vgtx.o
                0x00000000080004a8                RTC_Alarm_IRQHandler
                0x00000000080004a8                HASH_RNG_IRQHandler
                0x00000000080004a8                EXTI2_IRQHandler
                0x00000000080004a8                TIM8_CC_IRQHandler
                0x00000000080004a8                TIM1_CC_IRQHandler
                0x00000000080004a8                DMA2_Stream5_IRQHandler
                0x00000000080004a8                DMA1_Stream5_IRQHandler
                0x00000000080004a8                PVD_IRQHandler
                0x00000000080004a8                SDIO_IRQHandler
                0x00000000080004a8                TAMP_STAMP_IRQHandler
                0x00000000080004a8                CAN2_RX1_IRQHandler
                0x00000000080004a8                EXTI3_IRQHandler
                0x00000000080004a8                TIM8_TRG_COM_TIM14_IRQHandler
                0x00000000080004a8                TIM1_UP_TIM10_IRQHandler
                0x00000000080004a8                TIM8_UP_TIM13_IRQHandler
                0x00000000080004a8                I2C3_ER_IRQHandler
                0x00000000080004a8                EXTI0_IRQHandler
                0x00000000080004a8                I2C2_EV_IRQHandler
                0x00000000080004a8                DMA1_Stream2_IRQHandler
                0x00000000080004a8                CAN1_RX0_IRQHandler
                0x00000000080004a8                FPU_IRQHandler
                0x00000000080004a8                OTG_HS_WKUP_IRQHandler
                0x00000000080004a8                CAN2_SCE_IRQHandler
                0x00000000080004a8                DMA2_Stream2_IRQHandler
                0x00000000080004a8                SPI1_IRQHandler
                0x00000000080004a8                TIM6_DAC_IRQHandler
                0x00000000080004a8                TIM1_BRK_TIM9_IRQHandler
                0x00000000080004a8                DCMI_IRQHandler
                0x00000000080004a8                CAN2_RX0_IRQHandler
                0x00000000080004a8                DMA2_Stream3_IRQHandler
                0x00000000080004a8                USART6_IRQHandler
                0x00000000080004a8                USART3_IRQHandler
                0x00000000080004a8                CAN1_RX1_IRQHandler
                0x00000000080004a8                UART5_IRQHandler
                0x00000000080004a8                DMA2_Stream0_IRQHandler
                0x00000000080004a8                TIM4_IRQHandler
                0x00000000080004a8                I2C1_EV_IRQHandler
                0x00000000080004a8                DMA1_Stream6_IRQHandler
                0x00000000080004a8                DMA1_Stream1_IRQHandler
                0x00000000080004a8                UART4_IRQHandler
                0x00000000080004a8                TIM3_IRQHandler
                0x00000000080004a8                RCC_IRQHandler
                0x00000000080004a8                TIM8_BRK_TIM12_IRQHandler
                0x00000000080004a8                Default_Handler
                0x00000000080004a8                EXTI15_10_IRQHandler
                0x00000000080004a8                ADC_IRQHandler
                0x00000000080004a8                DMA1_Stream7_IRQHandler
                0x00000000080004a8                TIM7_IRQHandler
                0x00000000080004a8                CAN2_TX_IRQHandler
                0x00000000080004a8                TIM5_IRQHandler
                0x00000000080004a8                DMA2_Stream7_IRQHandler
                0x00000000080004a8                I2C3_EV_IRQHandler
                0x00000000080004a8                EXTI9_5_IRQHandler
                0x00000000080004a8                RTC_WKUP_IRQHandler
                0x00000000080004a8                ETH_WKUP_IRQHandler
                0x00000000080004a8                SPI2_IRQHandler
                0x00000000080004a8                OTG_HS_EP1_IN_IRQHandler
                0x00000000080004a8                DMA1_Stream0_IRQHandler
                0x00000000080004a8                CAN1_TX_IRQHandler
                0x00000000080004a8                EXTI4_IRQHandler
                0x00000000080004a8                FSMC_IRQHandler
                0x00000000080004a8                ETH_IRQHandler
                0x00000000080004a8                OTG_HS_EP1_OUT_IRQHandler
                0x00000000080004a8                WWDG_IRQHandler
                0x00000000080004a8                TIM2_IRQHandler
                0x00000000080004a8                OTG_FS_WKUP_IRQHandler
                0x00000000080004a8                TIM1_TRG_COM_TIM11_IRQHandler
                0x00000000080004a8                OTG_HS_IRQHandler
                0x00000000080004a8                EXTI1_IRQHandler
                0x00000000080004a8                USART2_IRQHandler
                0x00000000080004a8                I2C2_ER_IRQHandler
                0x00000000080004a8                DMA2_Stream1_IRQHandler
                0x00000000080004a8                CAN1_SCE_IRQHandler
                0x00000000080004a8                FLASH_IRQHandler
                0x00000000080004a8                DMA2_Stream4_IRQHandler
                0x00000000080004a8                USART1_IRQHandler
                0x00000000080004a8                OTG_FS_IRQHandler
                0x00000000080004a8                SPI3_IRQHandler
                0x00000000080004a8                DMA1_Stream4_IRQHandler
                0x00000000080004a8                I2C1_ER_IRQHandler
                0x00000000080004a8                DMA2_Stream6_IRQHandler
                0x00000000080004a8                DMA1_Stream3_IRQHandler
 *fill*         0x00000000080004aa        0x2 
 .text.HAL_Init
                0x00000000080004ac       0x44 ./Drivers/STM32F4xx_HAL_Driver/Src/stm32f4xx_hal.o
                0x00000000080004ac                HAL_Init
 .text.HAL_InitTick
                0x00000000080004f0       0x60 ./Drivers/STM32F4xx_HAL_Driver/Src/stm32f4xx_hal.o
                0x00000000080004f0                HAL_InitTick
 .text.HAL_IncTick
                0x0000000008000550       0x28 ./Drivers/STM32F4xx_HAL_Driver/Src/stm32f4xx_hal.o
                0x0000000008000550                HAL_IncTick
 .text.HAL_GetTick
                0x0000000008000578       0x18 ./Drivers/STM32F4xx_HAL_Driver/Src/stm32f4xx_hal.o
                0x0000000008000578                HAL_GetTick
 .text.HAL_Delay
                0x0000000008000590       0x48 ./Drivers/STM32F4xx_HAL_Driver/Src/stm32f4xx_hal.o
                0x0000000008000590                HAL_Delay
 .text.HAL_ADC_Init
                0x00000000080005d8       0x86 ./Drivers/STM32F4xx_HAL_Driver/Src/stm32f4xx_hal_adc.o
                0x00000000080005d8                HAL_ADC_Init
 *fill*         0x000000000800065e        0x2 
 .text.HAL_ADC_Start
                0x0000000008000660      0x1a4 ./Drivers/STM32F4xx_HAL_Driver/Src/stm32f4xx_hal_adc.o
                0x0000000008000660                HAL_ADC_Start
 .text.HAL_ADC_Stop
                0x0000000008000804       0x66 ./Drivers/STM32F4xx_HAL_Driver/Src/stm32f4xx_hal_adc.o
                0x0000000008000804                HAL_ADC_Stop
 .text.HAL_ADC_PollForConversion
                0x000000000800086a      0x116 ./Drivers/STM32F4xx_HAL_Driver/Src/stm32f4xx_hal_adc.o
                0x000000000800086a                HAL_ADC_PollForConversion
 .text.HAL_ADC_GetValue
                0x0000000008000980       0x1a ./Drivers/STM32F4xx_HAL_Driver/Src/stm32f4xx_hal_adc.o
                0x0000000008000980                HAL_ADC_GetValue
 *fill*         0x000000000800099a        0x2 
 .text.HAL_ADC_ConfigChannel
                0x000000000800099c      0x244 ./Drivers/STM32F4xx_HAL_Driver/Src/stm32f4xx_hal_adc.o
                0x000000000800099c                HAL_ADC_ConfigChannel
 .text.ADC_Init
                0x0000000008000be0      0x1f8 ./Drivers/STM32F4xx_HAL_Driver/Src/stm32f4xx_hal_adc.o
 .text.__NVIC_SetPriorityGrouping
                0x0000000008000dd8       0x48 ./Drivers/STM32F4xx_HAL_Driver/Src/stm32f4xx_hal_cortex.o
 .text.__NVIC_GetPriorityGrouping
                0x0000000008000e20       0x1c ./Drivers/STM32F4xx_HAL_Driver/Src/stm32f4xx_hal_cortex.o
 .text.__NVIC_EnableIRQ
                0x0000000008000e3c       0x3c ./Drivers/STM32F4xx_HAL_Driver/Src/stm32f4xx_hal_cortex.o
 .text.__NVIC_SetPriority
                0x0000000008000e78       0x54 ./Drivers/STM32F4xx_HAL_Driver/Src/stm32f4xx_hal_cortex.o
 .text.NVIC_EncodePriority
                0x0000000008000ecc       0x66 ./Drivers/STM32F4xx_HAL_Driver/Src/stm32f4xx_hal_cortex.o
 *fill*         0x0000000008000f32        0x2 
 .text.SysTick_Config
                0x0000000008000f34       0x44 ./Drivers/STM32F4xx_HAL_Driver/Src/stm32f4xx_hal_cortex.o
 .text.HAL_NVIC_SetPriorityGrouping
                0x0000000008000f78       0x16 ./Drivers/STM32F4xx_HAL_Driver/Src/stm32f4xx_hal_cortex.o
                0x0000000008000f78                HAL_NVIC_SetPriorityGrouping
 .text.HAL_NVIC_SetPriority
                0x0000000008000f8e       0x38 ./Drivers/STM32F4xx_HAL_Driver/Src/stm32f4xx_hal_cortex.o
                0x0000000008000f8e                HAL_NVIC_SetPriority
 .text.HAL_NVIC_EnableIRQ
                0x0000000008000fc6       0x1c ./Drivers/STM32F4xx_HAL_Driver/Src/stm32f4xx_hal_cortex.o
                0x0000000008000fc6                HAL_NVIC_EnableIRQ
 .text.HAL_SYSTICK_Config
                0x0000000008000fe2       0x18 ./Drivers/STM32F4xx_HAL_Driver/Src/stm32f4xx_hal_cortex.o
                0x0000000008000fe2                HAL_SYSTICK_Config
 *fill*         0x0000000008000ffa        0x2 
 .text.HAL_SYSTICK_CLKSourceConfig
                0x0000000008000ffc       0x38 ./Drivers/STM32F4xx_HAL_Driver/Src/stm32f4xx_hal_cortex.o
                0x0000000008000ffc                HAL_SYSTICK_CLKSourceConfig
 .text.HAL_GPIO_Init
                0x0000000008001034      0x338 ./Drivers/STM32F4xx_HAL_Driver/Src/stm32f4xx_hal_gpio.o
                0x0000000008001034                HAL_GPIO_Init
 .text.HAL_RCC_GetHCLKFreq
                0x000000000800136c       0x18 ./Drivers/STM32F4xx_HAL_Driver/Src/stm32f4xx_hal_rcc.o
                0x000000000800136c                HAL_RCC_GetHCLKFreq
 .text.__libc_init_array
                0x0000000008001384       0x48 c:/st/stm32cubeide_1.7.0/stm32cubeide/plugins/com.st.stm32cube.ide.mcu.externaltools.gnu-tools-for-stm32.9-2020-q2-update.win32_2.0.0.202105311346/tools/bin/../lib/gcc/arm-none-eabi/9.3.1/../../../../arm-none-eabi/lib/thumb/v7e-m+fp/hard\libc_nano.a(lib_a-init.o)
                0x0000000008001384                __libc_init_array
 *(.glue_7)
 .glue_7        0x00000000080013cc        0x0 linker stubs
 *(.glue_7t)
 .glue_7t       0x00000000080013cc        0x0 linker stubs
 *(.eh_frame)
 .eh_frame      0x00000000080013cc        0x0 c:/st/stm32cubeide_1.7.0/stm32cubeide/plugins/com.st.stm32cube.ide.mcu.externaltools.gnu-tools-for-stm32.9-2020-q2-update.win32_2.0.0.202105311346/tools/bin/../lib/gcc/arm-none-eabi/9.3.1/thumb/v7e-m+fp/hard/crtbegin.o
 *(.init)
 .init          0x00000000080013cc        0x4 c:/st/stm32cubeide_1.7.0/stm32cubeide/plugins/com.st.stm32cube.ide.mcu.externaltools.gnu-tools-for-stm32.9-2020-q2-update.win32_2.0.0.202105311346/tools/bin/../lib/gcc/arm-none-eabi/9.3.1/thumb/v7e-m+fp/hard/crti.o
                0x00000000080013cc                _init
 .init          0x00000000080013d0        0x8 c:/st/stm32cubeide_1.7.0/stm32cubeide/plugins/com.st.stm32cube.ide.mcu.externaltools.gnu-tools-for-stm32.9-2020-q2-update.win32_2.0.0.202105311346/tools/bin/../lib/gcc/arm-none-eabi/9.3.1/thumb/v7e-m+fp/hard/crtn.o
 *(.fini)
 .fini          0x00000000080013d8        0x4 c:/st/stm32cubeide_1.7.0/stm32cubeide/plugins/com.st.stm32cube.ide.mcu.externaltools.gnu-tools-for-stm32.9-2020-q2-update.win32_2.0.0.202105311346/tools/bin/../lib/gcc/arm-none-eabi/9.3.1/thumb/v7e-m+fp/hard/crti.o
                0x00000000080013d8                _fini
 .fini          0x00000000080013dc        0x8 c:/st/stm32cubeide_1.7.0/stm32cubeide/plugins/com.st.stm32cube.ide.mcu.externaltools.gnu-tools-for-stm32.9-2020-q2-update.win32_2.0.0.202105311346/tools/bin/../lib/gcc/arm-none-eabi/9.3.1/thumb/v7e-m+fp/hard/crtn.o
                0x00000000080013e4                . = ALIGN (0x4)
                0x00000000080013e4                _etext = .

.vfp11_veneer   0x00000000080013e4        0x0
 .vfp11_veneer  0x00000000080013e4        0x0 linker stubs

.v4_bx          0x00000000080013e4        0x0
 .v4_bx         0x00000000080013e4        0x0 linker stubs

.iplt           0x00000000080013e4        0x0
 .iplt          0x00000000080013e4        0x0 c:/st/stm32cubeide_1.7.0/stm32cubeide/plugins/com.st.stm32cube.ide.mcu.externaltools.gnu-tools-for-stm32.9-2020-q2-update.win32_2.0.0.202105311346/tools/bin/../lib/gcc/arm-none-eabi/9.3.1/thumb/v7e-m+fp/hard/crtbegin.o

.rel.dyn        0x00000000080013e4        0x0
 .rel.iplt      0x00000000080013e4        0x0 c:/st/stm32cubeide_1.7.0/stm32cubeide/plugins/com.st.stm32cube.ide.mcu.externaltools.gnu-tools-for-stm32.9-2020-q2-update.win32_2.0.0.202105311346/tools/bin/../lib/gcc/arm-none-eabi/9.3.1/thumb/v7e-m+fp/hard/crtbegin.o

.rodata         0x00000000080013e4        0x0
                0x00000000080013e4                . = ALIGN (0x4)
 *(.rodata)
 *(.rodata*)
                0x00000000080013e4                . = ALIGN (0x4)

.ARM.extab      0x00000000080013e4        0x0
                0x00000000080013e4                . = ALIGN (0x4)
 *(.ARM.extab* .gnu.linkonce.armextab.*)
                0x00000000080013e4                . = ALIGN (0x4)

.ARM            0x00000000080013e4        0x0
                0x00000000080013e4                . = ALIGN (0x4)
                0x00000000080013e4                __exidx_start = .
 *(.ARM.exidx*)
                0x00000000080013e4                __exidx_end = .
                0x00000000080013e4                . = ALIGN (0x4)

.preinit_array  0x00000000080013e4        0x0
                0x00000000080013e4                . = ALIGN (0x4)
                0x00000000080013e4                PROVIDE (__preinit_array_start = .)
 *(.preinit_array*)
                0x00000000080013e4                PROVIDE (__preinit_array_end = .)
                0x00000000080013e4                . = ALIGN (0x4)

.init_array     0x00000000080013e4        0x4
                0x00000000080013e4                . = ALIGN (0x4)
                0x00000000080013e4                PROVIDE (__init_array_start = .)
 *(SORT_BY_NAME(.init_array.*))
 *(.init_array*)
 .init_array    0x00000000080013e4        0x4 c:/st/stm32cubeide_1.7.0/stm32cubeide/plugins/com.st.stm32cube.ide.mcu.externaltools.gnu-tools-for-stm32.9-2020-q2-update.win32_2.0.0.202105311346/tools/bin/../lib/gcc/arm-none-eabi/9.3.1/thumb/v7e-m+fp/hard/crtbegin.o
                0x00000000080013e8                PROVIDE (__init_array_end = .)
                0x00000000080013e8                . = ALIGN (0x4)

.fini_array     0x00000000080013e8        0x4
                0x00000000080013e8                . = ALIGN (0x4)
                [!provide]                        PROVIDE (__fini_array_start = .)
 *(SORT_BY_NAME(.fini_array.*))
 *(.fini_array*)
 .fini_array    0x00000000080013e8        0x4 c:/st/stm32cubeide_1.7.0/stm32cubeide/plugins/com.st.stm32cube.ide.mcu.externaltools.gnu-tools-for-stm32.9-2020-q2-update.win32_2.0.0.202105311346/tools/bin/../lib/gcc/arm-none-eabi/9.3.1/thumb/v7e-m+fp/hard/crtbegin.o
                [!provide]                        PROVIDE (__fini_array_end = .)
                0x00000000080013ec                . = ALIGN (0x4)
                0x00000000080013ec                _sidata = LOADADDR (.data)

.data           0x0000000020000000        0xc load address 0x00000000080013ec
                0x0000000020000000                . = ALIGN (0x4)
                0x0000000020000000                _sdata = .
 *(.data)
 *(.data*)
 .data.SystemCoreClock
                0x0000000020000000        0x4 ./Core/Src/system_stm32f4xx.o
                0x0000000020000000                SystemCoreClock
 .data.uwTickPrio
                0x0000000020000004        0x4 ./Drivers/STM32F4xx_HAL_Driver/Src/stm32f4xx_hal.o
                0x0000000020000004                uwTickPrio
 .data.uwTickFreq
                0x0000000020000008        0x1 ./Drivers/STM32F4xx_HAL_Driver/Src/stm32f4xx_hal.o
                0x0000000020000008                uwTickFreq
 *(.RamFunc)
 *(.RamFunc*)
                0x000000002000000c                . = ALIGN (0x4)
 *fill*         0x0000000020000009        0x3 
                0x000000002000000c                _edata = .
                0x00000000080013f8                _siccmram = LOADADDR (.ccmram)

.igot.plt       0x000000002000000c        0x0 load address 0x00000000080013f8
 .igot.plt      0x000000002000000c        0x0 c:/st/stm32cubeide_1.7.0/stm32cubeide/plugins/com.st.stm32cube.ide.mcu.externaltools.gnu-tools-for-stm32.9-2020-q2-update.win32_2.0.0.202105311346/tools/bin/../lib/gcc/arm-none-eabi/9.3.1/thumb/v7e-m+fp/hard/crtbegin.o

.ccmram         0x0000000010000000        0x0 load address 0x00000000080013f8
                0x0000000010000000                . = ALIGN (0x4)
                0x0000000010000000                _sccmram = .
 *(.ccmram)
 *(.ccmram*)
                0x0000000010000000                . = ALIGN (0x4)
                0x0000000010000000                _eccmram = .
                0x0000000010000000                . = ALIGN (0x4)

.bss            0x000000002000000c       0x6c
                0x000000002000000c                _sbss = .
                0x000000002000000c                __bss_start__ = _sbss
 *(.bss)
 .bss           0x000000002000000c       0x1c c:/st/stm32cubeide_1.7.0/stm32cubeide/plugins/com.st.stm32cube.ide.mcu.externaltools.gnu-tools-for-stm32.9-2020-q2-update.win32_2.0.0.202105311346/tools/bin/../lib/gcc/arm-none-eabi/9.3.1/thumb/v7e-m+fp/hard/crtbegin.o
 *(.bss*)
 *(COMMON)
 COMMON         0x0000000020000028       0x4c ./Core/Src/main.o
                0x0000000020000028                myADCtypeDef
                0x0000000020000070                adcValue
 COMMON         0x0000000020000074        0x4 ./Drivers/STM32F4xx_HAL_Driver/Src/stm32f4xx_hal.o
                0x0000000020000074                uwTick
                0x0000000020000078                . = ALIGN (0x4)
                0x0000000020000078                _ebss = .
                0x0000000020000078                __bss_end__ = _ebss

._user_heap_stack
                0x0000000020000078      0x600
                0x0000000020000078                . = ALIGN (0x8)
                [!provide]                        PROVIDE (end = .)
                0x0000000020000078                PROVIDE (_end = .)
                0x0000000020000278                . = (. + _Min_Heap_Size)
 *fill*         0x0000000020000078      0x200 
                0x0000000020000678                . = (. + _Min_Stack_Size)
 *fill*         0x0000000020000278      0x400 
                0x0000000020000678                . = ALIGN (0x8)

/DISCARD/
 libc.a(*)
 libm.a(*)
 libgcc.a(*)

.ARM.attributes
                0x0000000000000000       0x30
 *(.ARM.attributes)
 .ARM.attributes
                0x0000000000000000       0x1e c:/st/stm32cubeide_1.7.0/stm32cubeide/plugins/com.st.stm32cube.ide.mcu.externaltools.gnu-tools-for-stm32.9-2020-q2-update.win32_2.0.0.202105311346/tools/bin/../lib/gcc/arm-none-eabi/9.3.1/thumb/v7e-m+fp/hard/crti.o
 .ARM.attributes
                0x000000000000001e       0x34 c:/st/stm32cubeide_1.7.0/stm32cubeide/plugins/com.st.stm32cube.ide.mcu.externaltools.gnu-tools-for-stm32.9-2020-q2-update.win32_2.0.0.202105311346/tools/bin/../lib/gcc/arm-none-eabi/9.3.1/thumb/v7e-m+fp/hard/crtbegin.o
 .ARM.attributes
                0x0000000000000052       0x34 ./Core/Src/main.o
 .ARM.attributes
                0x0000000000000086       0x34 ./Core/Src/stm32f4xx_hal_msp.o
 .ARM.attributes
                0x00000000000000ba       0x34 ./Core/Src/stm32f4xx_it.o
 .ARM.attributes
                0x00000000000000ee       0x34 ./Core/Src/system_stm32f4xx.o
 .ARM.attributes
                0x0000000000000122       0x21 ./Core/Startup/startup_stm32f407vgtx.o
 .ARM.attributes
                0x0000000000000143       0x34 ./Drivers/STM32F4xx_HAL_Driver/Src/stm32f4xx_hal.o
 .ARM.attributes
                0x0000000000000177       0x34 ./Drivers/STM32F4xx_HAL_Driver/Src/stm32f4xx_hal_adc.o
 .ARM.attributes
                0x00000000000001ab       0x34 ./Drivers/STM32F4xx_HAL_Driver/Src/stm32f4xx_hal_cortex.o
 .ARM.attributes
                0x00000000000001df       0x34 ./Drivers/STM32F4xx_HAL_Driver/Src/stm32f4xx_hal_gpio.o
 .ARM.attributes
                0x0000000000000213       0x34 ./Drivers/STM32F4xx_HAL_Driver/Src/stm32f4xx_hal_rcc.o
 .ARM.attributes
                0x0000000000000247       0x34 c:/st/stm32cubeide_1.7.0/stm32cubeide/plugins/com.st.stm32cube.ide.mcu.externaltools.gnu-tools-for-stm32.9-2020-q2-update.win32_2.0.0.202105311346/tools/bin/../lib/gcc/arm-none-eabi/9.3.1/../../../../arm-none-eabi/lib/thumb/v7e-m+fp/hard\libc_nano.a(lib_a-init.o)
 .ARM.attributes
                0x000000000000027b       0x1e c:/st/stm32cubeide_1.7.0/stm32cubeide/plugins/com.st.stm32cube.ide.mcu.externaltools.gnu-tools-for-stm32.9-2020-q2-update.win32_2.0.0.202105311346/tools/bin/../lib/gcc/arm-none-eabi/9.3.1/thumb/v7e-m+fp/hard/crtn.o
OUTPUT(ADC_SingleCovHAL1.elf elf32-littlearm)
LOAD linker stubs
LOAD c:/st/stm32cubeide_1.7.0/stm32cubeide/plugins/com.st.stm32cube.ide.mcu.externaltools.gnu-tools-for-stm32.9-2020-q2-update.win32_2.0.0.202105311346/tools/bin/../lib/gcc/arm-none-eabi/9.3.1/../../../../arm-none-eabi/lib/thumb/v7e-m+fp/hard\libc.a
LOAD c:/st/stm32cubeide_1.7.0/stm32cubeide/plugins/com.st.stm32cube.ide.mcu.externaltools.gnu-tools-for-stm32.9-2020-q2-update.win32_2.0.0.202105311346/tools/bin/../lib/gcc/arm-none-eabi/9.3.1/../../../../arm-none-eabi/lib/thumb/v7e-m+fp/hard\libm.a
LOAD c:/st/stm32cubeide_1.7.0/stm32cubeide/plugins/com.st.stm32cube.ide.mcu.externaltools.gnu-tools-for-stm32.9-2020-q2-update.win32_2.0.0.202105311346/tools/bin/../lib/gcc/arm-none-eabi/9.3.1/thumb/v7e-m+fp/hard\libgcc.a

.debug_info     0x0000000000000000     0x56d5
 .debug_info    0x0000000000000000      0xcaa ./Core/Src/main.o
 .debug_info    0x0000000000000caa      0xa2a ./Core/Src/stm32f4xx_hal_msp.o
 .debug_info    0x00000000000016d4      0x222 ./Core/Src/stm32f4xx_it.o
 .debug_info    0x00000000000018f6      0x5a4 ./Core/Src/system_stm32f4xx.o
 .debug_info    0x0000000000001e9a       0x22 ./Core/Startup/startup_stm32f407vgtx.o
 .debug_info    0x0000000000001ebc      0x9b2 ./Drivers/STM32F4xx_HAL_Driver/Src/stm32f4xx_hal.o
 .debug_info    0x000000000000286e      0xdbc ./Drivers/STM32F4xx_HAL_Driver/Src/stm32f4xx_hal_adc.o
 .debug_info    0x000000000000362a      0xed7 ./Drivers/STM32F4xx_HAL_Driver/Src/stm32f4xx_hal_cortex.o
 .debug_info    0x0000000000004501      0x83e ./Drivers/STM32F4xx_HAL_Driver/Src/stm32f4xx_hal_gpio.o
 .debug_info    0x0000000000004d3f      0x996 ./Drivers/STM32F4xx_HAL_Driver/Src/stm32f4xx_hal_rcc.o

.debug_abbrev   0x0000000000000000     0x115b
 .debug_abbrev  0x0000000000000000      0x1c8 ./Core/Src/main.o
 .debug_abbrev  0x00000000000001c8      0x1ac ./Core/Src/stm32f4xx_hal_msp.o
 .debug_abbrev  0x0000000000000374       0xd2 ./Core/Src/stm32f4xx_it.o
 .debug_abbrev  0x0000000000000446      0x145 ./Core/Src/system_stm32f4xx.o
 .debug_abbrev  0x000000000000058b       0x12 ./Core/Startup/startup_stm32f407vgtx.o
 .debug_abbrev  0x000000000000059d      0x1ed ./Drivers/STM32F4xx_HAL_Driver/Src/stm32f4xx_hal.o
 .debug_abbrev  0x000000000000078a      0x22f ./Drivers/STM32F4xx_HAL_Driver/Src/stm32f4xx_hal_adc.o
 .debug_abbrev  0x00000000000009b9      0x33c ./Drivers/STM32F4xx_HAL_Driver/Src/stm32f4xx_hal_cortex.o
 .debug_abbrev  0x0000000000000cf5      0x1f1 ./Drivers/STM32F4xx_HAL_Driver/Src/stm32f4xx_hal_gpio.o
 .debug_abbrev  0x0000000000000ee6      0x275 ./Drivers/STM32F4xx_HAL_Driver/Src/stm32f4xx_hal_rcc.o

.debug_aranges  0x0000000000000000      0x4e8
 .debug_aranges
                0x0000000000000000       0x38 ./Core/Src/main.o
 .debug_aranges
                0x0000000000000038       0x30 ./Core/Src/stm32f4xx_hal_msp.o
 .debug_aranges
                0x0000000000000068       0x60 ./Core/Src/stm32f4xx_it.o
 .debug_aranges
                0x00000000000000c8       0x28 ./Core/Src/system_stm32f4xx.o
 .debug_aranges
                0x00000000000000f0       0x28 ./Core/Startup/startup_stm32f407vgtx.o
 .debug_aranges
                0x0000000000000118       0xf0 ./Drivers/STM32F4xx_HAL_Driver/Src/stm32f4xx_hal.o
 .debug_aranges
                0x0000000000000208       0xe8 ./Drivers/STM32F4xx_HAL_Driver/Src/stm32f4xx_hal_adc.o
 .debug_aranges
                0x00000000000002f0      0x118 ./Drivers/STM32F4xx_HAL_Driver/Src/stm32f4xx_hal_cortex.o
 .debug_aranges
                0x0000000000000408       0x58 ./Drivers/STM32F4xx_HAL_Driver/Src/stm32f4xx_hal_gpio.o
 .debug_aranges
                0x0000000000000460       0x88 ./Drivers/STM32F4xx_HAL_Driver/Src/stm32f4xx_hal_rcc.o

.debug_ranges   0x0000000000000000      0x450
 .debug_ranges  0x0000000000000000       0x28 ./Core/Src/main.o
 .debug_ranges  0x0000000000000028       0x20 ./Core/Src/stm32f4xx_hal_msp.o
 .debug_ranges  0x0000000000000048       0x50 ./Core/Src/stm32f4xx_it.o
 .debug_ranges  0x0000000000000098       0x18 ./Core/Src/system_stm32f4xx.o
 .debug_ranges  0x00000000000000b0       0x20 ./Core/Startup/startup_stm32f407vgtx.o
 .debug_ranges  0x00000000000000d0       0xe0 ./Drivers/STM32F4xx_HAL_Driver/Src/stm32f4xx_hal.o
 .debug_ranges  0x00000000000001b0       0xd8 ./Drivers/STM32F4xx_HAL_Driver/Src/stm32f4xx_hal_adc.o
 .debug_ranges  0x0000000000000288      0x108 ./Drivers/STM32F4xx_HAL_Driver/Src/stm32f4xx_hal_cortex.o
 .debug_ranges  0x0000000000000390       0x48 ./Drivers/STM32F4xx_HAL_Driver/Src/stm32f4xx_hal_gpio.o
 .debug_ranges  0x00000000000003d8       0x78 ./Drivers/STM32F4xx_HAL_Driver/Src/stm32f4xx_hal_rcc.o

.debug_macro    0x0000000000000000    0x20199
 .debug_macro   0x0000000000000000      0x1d8 ./Core/Src/main.o
 .debug_macro   0x00000000000001d8      0xaa8 ./Core/Src/main.o
 .debug_macro   0x0000000000000c80      0x295 ./Core/Src/main.o
 .debug_macro   0x0000000000000f15       0x2e ./Core/Src/main.o
 .debug_macro   0x0000000000000f43       0x2f ./Core/Src/main.o
 .debug_macro   0x0000000000000f72       0x22 ./Core/Src/main.o
 .debug_macro   0x0000000000000f94       0x8e ./Core/Src/main.o
 .debug_macro   0x0000000000001022       0x51 ./Core/Src/main.o
 .debug_macro   0x0000000000001073      0x103 ./Core/Src/main.o
 .debug_macro   0x0000000000001176       0x6a ./Core/Src/main.o
 .debug_macro   0x00000000000011e0      0x1df ./Core/Src/main.o
 .debug_macro   0x00000000000013bf       0x1c ./Core/Src/main.o
 .debug_macro   0x00000000000013db       0x22 ./Core/Src/main.o
 .debug_macro   0x00000000000013fd       0xdf ./Core/Src/main.o
 .debug_macro   0x00000000000014dc     0x102d ./Core/Src/main.o
 .debug_macro   0x0000000000002509      0x11f ./Core/Src/main.o
 .debug_macro   0x0000000000002628    0x15e58 ./Core/Src/main.o
 .debug_macro   0x0000000000018480       0x6d ./Core/Src/main.o
 .debug_macro   0x00000000000184ed     0x3666 ./Core/Src/main.o
 .debug_macro   0x000000000001bb53      0x174 ./Core/Src/main.o
 .debug_macro   0x000000000001bcc7       0x5c ./Core/Src/main.o
 .debug_macro   0x000000000001bd23      0x96b ./Core/Src/main.o
 .debug_macro   0x000000000001c68e      0x9fe ./Core/Src/main.o
 .debug_macro   0x000000000001d08c      0x116 ./Core/Src/main.o
 .debug_macro   0x000000000001d1a2      0x13e ./Core/Src/main.o
 .debug_macro   0x000000000001d2e0       0xa5 ./Core/Src/main.o
 .debug_macro   0x000000000001d385      0x174 ./Core/Src/main.o
 .debug_macro   0x000000000001d4f9      0x287 ./Core/Src/main.o
 .debug_macro   0x000000000001d780       0x5f ./Core/Src/main.o
 .debug_macro   0x000000000001d7df      0x236 ./Core/Src/main.o
 .debug_macro   0x000000000001da15      0xb5b ./Core/Src/main.o
 .debug_macro   0x000000000001e570      0x38b ./Core/Src/main.o
 .debug_macro   0x000000000001e8fb      0x176 ./Core/Src/main.o
 .debug_macro   0x000000000001ea71       0xf9 ./Core/Src/main.o
 .debug_macro   0x000000000001eb6a      0x12c ./Core/Src/main.o
 .debug_macro   0x000000000001ec96      0x21e ./Core/Src/main.o
 .debug_macro   0x000000000001eeb4       0x2e ./Core/Src/main.o
 .debug_macro   0x000000000001eee2      0x11a ./Core/Src/main.o
 .debug_macro   0x000000000001effc       0x7e ./Core/Src/main.o
 .debug_macro   0x000000000001f07a       0x89 ./Core/Src/main.o
 .debug_macro   0x000000000001f103      0x12d ./Core/Src/main.o
 .debug_macro   0x000000000001f230      0x1e2 ./Core/Src/stm32f4xx_hal_msp.o
 .debug_macro   0x000000000001f412      0x1ec ./Core/Src/stm32f4xx_it.o
 .debug_macro   0x000000000001f5fe      0x1d8 ./Core/Src/system_stm32f4xx.o
 .debug_macro   0x000000000001f7d6      0x238 ./Drivers/STM32F4xx_HAL_Driver/Src/stm32f4xx_hal.o
 .debug_macro   0x000000000001fa0e      0x1d9 ./Drivers/STM32F4xx_HAL_Driver/Src/stm32f4xx_hal_adc.o
 .debug_macro   0x000000000001fbe7      0x1d8 ./Drivers/STM32F4xx_HAL_Driver/Src/stm32f4xx_hal_cortex.o
 .debug_macro   0x000000000001fdbf      0x1de ./Drivers/STM32F4xx_HAL_Driver/Src/stm32f4xx_hal_gpio.o
 .debug_macro   0x000000000001ff9d      0x1fc ./Drivers/STM32F4xx_HAL_Driver/Src/stm32f4xx_hal_rcc.o

.debug_line     0x0000000000000000     0x5e19
 .debug_line    0x0000000000000000      0x733 ./Core/Src/main.o
 .debug_line    0x0000000000000733      0x70c ./Core/Src/stm32f4xx_hal_msp.o
 .debug_line    0x0000000000000e3f      0x787 ./Core/Src/stm32f4xx_it.o
 .debug_line    0x00000000000015c6      0x746 ./Core/Src/system_stm32f4xx.o
 .debug_line    0x0000000000001d0c       0x88 ./Core/Startup/startup_stm32f407vgtx.o
 .debug_line    0x0000000000001d94      0x9ac ./Drivers/STM32F4xx_HAL_Driver/Src/stm32f4xx_hal.o
 .debug_line    0x0000000000002740     0x1236 ./Drivers/STM32F4xx_HAL_Driver/Src/stm32f4xx_hal_adc.o
 .debug_line    0x0000000000003976      0xc5b ./Drivers/STM32F4xx_HAL_Driver/Src/stm32f4xx_hal_cortex.o
 .debug_line    0x00000000000045d1      0xb22 ./Drivers/STM32F4xx_HAL_Driver/Src/stm32f4xx_hal_gpio.o
 .debug_line    0x00000000000050f3      0xd26 ./Drivers/STM32F4xx_HAL_Driver/Src/stm32f4xx_hal_rcc.o

.debug_str      0x0000000000000000    0xc88ac
 .debug_str     0x0000000000000000    0xc75d7 ./Core/Src/main.o
                                      0xc78e1 (size before relaxing)
 .debug_str     0x00000000000c75d7       0x6d ./Core/Src/stm32f4xx_hal_msp.o
                                      0xc7399 (size before relaxing)
 .debug_str     0x00000000000c7644       0xbd ./Core/Src/stm32f4xx_it.o
                                      0xc6eb2 (size before relaxing)
 .debug_str     0x00000000000c7701       0xaf ./Core/Src/system_stm32f4xx.o
                                      0xc6f96 (size before relaxing)
 .debug_str     0x00000000000c77b0       0x36 ./Core/Startup/startup_stm32f407vgtx.o
                                         0x7d (size before relaxing)
 .debug_str     0x00000000000c77e6      0x58d ./Drivers/STM32F4xx_HAL_Driver/Src/stm32f4xx_hal.o
                                      0xc7a78 (size before relaxing)
 .debug_str     0x00000000000c7d73      0x2b9 ./Drivers/STM32F4xx_HAL_Driver/Src/stm32f4xx_hal_adc.o
                                      0xc7542 (size before relaxing)
 .debug_str     0x00000000000c802c      0x397 ./Drivers/STM32F4xx_HAL_Driver/Src/stm32f4xx_hal_cortex.o
                                      0xc7867 (size before relaxing)
 .debug_str     0x00000000000c83c3      0x17b ./Drivers/STM32F4xx_HAL_Driver/Src/stm32f4xx_hal_gpio.o
                                      0xc713d (size before relaxing)
 .debug_str     0x00000000000c853e      0x36e ./Drivers/STM32F4xx_HAL_Driver/Src/stm32f4xx_hal_rcc.o
                                      0xc7398 (size before relaxing)

.comment        0x0000000000000000       0x53
 .comment       0x0000000000000000       0x53 ./Core/Src/main.o
                                         0x54 (size before relaxing)
 .comment       0x0000000000000053       0x54 ./Core/Src/stm32f4xx_hal_msp.o
 .comment       0x0000000000000053       0x54 ./Core/Src/stm32f4xx_it.o
 .comment       0x0000000000000053       0x54 ./Core/Src/system_stm32f4xx.o
 .comment       0x0000000000000053       0x54 ./Drivers/STM32F4xx_HAL_Driver/Src/stm32f4xx_hal.o
 .comment       0x0000000000000053       0x54 ./Drivers/STM32F4xx_HAL_Driver/Src/stm32f4xx_hal_adc.o
 .comment       0x0000000000000053       0x54 ./Drivers/STM32F4xx_HAL_Driver/Src/stm32f4xx_hal_cortex.o
 .comment       0x0000000000000053       0x54 ./Drivers/STM32F4xx_HAL_Driver/Src/stm32f4xx_hal_gpio.o
 .comment       0x0000000000000053       0x54 ./Drivers/STM32F4xx_HAL_Driver/Src/stm32f4xx_hal_rcc.o

.debug_frame    0x0000000000000000     0x11d8
 .debug_frame   0x0000000000000000       0x90 ./Core/Src/main.o
 .debug_frame   0x0000000000000090       0x80 ./Core/Src/stm32f4xx_hal_msp.o
 .debug_frame   0x0000000000000110      0x104 ./Core/Src/stm32f4xx_it.o
 .debug_frame   0x0000000000000214       0x58 ./Core/Src/system_stm32f4xx.o
 .debug_frame   0x000000000000026c      0x374 ./Drivers/STM32F4xx_HAL_Driver/Src/stm32f4xx_hal.o
 .debug_frame   0x00000000000005e0      0x3fc ./Drivers/STM32F4xx_HAL_Driver/Src/stm32f4xx_hal_adc.o
 .debug_frame   0x00000000000009dc      0x498 ./Drivers/STM32F4xx_HAL_Driver/Src/stm32f4xx_hal_cortex.o
 .debug_frame   0x0000000000000e74      0x14c ./Drivers/STM32F4xx_HAL_Driver/Src/stm32f4xx_hal_gpio.o
 .debug_frame   0x0000000000000fc0      0x1ec ./Drivers/STM32F4xx_HAL_Driver/Src/stm32f4xx_hal_rcc.o
 .debug_frame   0x00000000000011ac       0x2c c:/st/stm32cubeide_1.7.0/stm32cubeide/plugins/com.st.stm32cube.ide.mcu.externaltools.gnu-tools-for-stm32.9-2020-q2-update.win32_2.0.0.202105311346/tools/bin/../lib/gcc/arm-none-eabi/9.3.1/../../../../arm-none-eabi/lib/thumb/v7e-m+fp/hard\libc_nano.a(lib_a-init.o)
