RADM_system.c:64:6:SystemInitSetup	104	static
RADM_system.c:371:6:DebugTestFunc	4	static
RADM_system.c:539:6:Sleep	24	static
RADM_system.c:565:6:Sleep10us	24	static
RADM_system.c:589:6:WdtReset	4	static
RADM_system.c:601:14:ReadGpioPinStatus	16	static
RADM_system.c:615:6:WriteToGpioPin	16	static
RADM_system.c:632:6:ToggleGpioPin	16	static
RADM_system.c:649:6:UpdateSystemLeds	16	static
RADM_system.c:695:15:Get8BitCrc	272	static
RADM_system.c:728:6:SendResponseToMaster	24	static
RADM_system.c:777:6:DecodeCmd	24	static
RADM_system.c:853:6:SendSlaveCmd	104	static
RADM_system.c:920:5:ReceiveUsartPacket	80	static
RADM_system.c:958:5:ReceiveUsartPacketCrtCheck	88	static
RADM_system.c:1008:6:SetGeneratorOut	72	static
RADM_system.c:1096:6:InitUsart	80	static
RADM_system.c:1139:15:ReadAsp	16	static
RADM_system.c:1169:6:AdamSendCommand	80	static
RADM_system.c:1231:5:AdamReceiveDataCrtCheck	88	static
RADM_system.c:1300:6:RadmSelfTest	72	static
RADM_system.c:1455:6:SendMeasurementResults	208	static
RADM_system.c:1509:5:AdamReadAdc	64	static
RADM_system.c:1550:5:RdpReadVal	64	static
RADM_system.c:1624:5:RdpTest	88	static
RADM_system.c:1694:6:Error_Handler	4	static,ignoring_inline_asm
