11:55:47 **** Build of configuration Debug for project Blinking_LED_REG ****
make -j4 all 
arm-none-eabi-gcc "../Core/Src/main.c" -mcpu=cortex-m4 -std=gnu11 -g3 -DDEBUG -DUSE_HAL_DRIVER -DSTM32F407xx -c -I../Core/Inc -I../Drivers/STM32F4xx_HAL_Driver/Inc -I../Drivers/STM32F4xx_HAL_Driver/Inc/Legacy -I../Drivers/CMSIS/Device/ST/STM32F4xx/Include -I../Drivers/CMSIS/Include -O0 -ffunction-sections -fdata-sections -Wall -fstack-usage -MMD -MP -MF"Core/Src/main.d" -MT"Core/Src/main.o" --specs=nano.specs -mfpu=fpv4-sp-d16 -mfloat-abi=hard -mthumb -o "Core/Src/main.o"
arm-none-eabi-gcc -o "Blinking_LED_REG.elf" @"objects.list"   -mcpu=cortex-m4 -T"C:\Users\Tom.Zhen\STM32CubeIDE\workspace_1.7.0\Blinking_LED_REG\STM32F407VGTX_FLASH.ld" --specs=nosys.specs -Wl,-Map="Blinking_LED_REG.map" -Wl,--gc-sections -static --specs=nano.specs -mfpu=fpv4-sp-d16 -mfloat-abi=hard -mthumb -Wl,--start-group -lc -lm -Wl,--end-group
Finished building target: Blinking_LED_REG.elf
 
arm-none-eabi-size   Blinking_LED_REG.elf 
arm-none-eabi-objdump -h -S  Blinking_LED_REG.elf  > "Blinking_LED_REG.list"
arm-none-eabi-objcopy  -O binary  Blinking_LED_REG.elf  "Blinking_LED_REG.bin"
   text	   data	    bss	    dec	    hex	filename
    944	     12	   1572	   2528	    9e0	Blinking_LED_REG.elf
Finished building: default.size.stdout
 
Finished building: Blinking_LED_REG.bin
Finished building: Blinking_LED_REG.list
 
 

11:55:48 Build Finished. 0 errors, 0 warnings. (took 1s.619ms)

