11:55:50 **** Build of configuration Debug for project I2C_1 ****
make -j4 all 
arm-none-eabi-gcc "../Core/Src/main.c" -mcpu=cortex-m4 -std=gnu11 -g3 -DDEBUG -DUSE_HAL_DRIVER -DSTM32F407xx -c -I../Core/Inc -I../Drivers/STM32F4xx_HAL_Driver/Inc -I../Drivers/STM32F4xx_HAL_Driver/Inc/Legacy -I../Drivers/CMSIS/Device/ST/STM32F4xx/Include -I../Drivers/CMSIS/Include -O0 -ffunction-sections -fdata-sections -Wall -fstack-usage -MMD -MP -MF"Core/Src/main.d" -MT"Core/Src/main.o" --specs=nano.specs -mfpu=fpv4-sp-d16 -mfloat-abi=hard -mthumb -o "Core/Src/main.o"
../Core/Src/main.c: In function 'main':
../Core/Src/main.c:131:57: warning: passing argument 3 of 'HAL_I2C_Master_Receive' makes pointer from integer without a cast [-Wint-conversion]
  131 |   HAL_I2C_Master_Receive(&hi2c1, i2cSlaveAddress, i2cBuf[1], 1, 10); //store in [1], read only 1 byte , 10ms
      |                                                   ~~~~~~^~~
      |                                                         |
      |                                                         uint8_t {aka unsigned char}
In file included from ../Core/Inc/stm32f4xx_hal_conf.h:358,
                 from ../Drivers/STM32F4xx_HAL_Driver/Inc/stm32f4xx_hal.h:30,
                 from ../Core/Inc/main.h:31,
                 from ../Core/Src/main.c:21:
../Drivers/STM32F4xx_HAL_Driver/Inc/stm32f4xx_hal_i2c.h:568:97: note: expected 'uint8_t *' {aka 'unsigned char *'} but argument is of type 'uint8_t' {aka 'unsigned char'}
  568 | HAL_StatusTypeDef HAL_I2C_Master_Receive(I2C_HandleTypeDef *hi2c, uint16_t DevAddress, uint8_t *pData, uint16_t Size, uint32_t Timeout);
      |                                                                                        ~~~~~~~~~^~~~~
../Core/Src/main.c:150:56: warning: passing argument 3 of 'HAL_I2C_Master_Receive' makes pointer from integer without a cast [-Wint-conversion]
  150 |  HAL_I2C_Master_Receive(&hi2c1, i2cSlaveAddress, i2cBuf[1], 6, 10);
      |                                                  ~~~~~~^~~
      |                                                        |
      |                                                        uint8_t {aka unsigned char}
In file included from ../Core/Inc/stm32f4xx_hal_conf.h:358,
                 from ../Drivers/STM32F4xx_HAL_Driver/Inc/stm32f4xx_hal.h:30,
                 from ../Core/Inc/main.h:31,
                 from ../Core/Src/main.c:21:
../Drivers/STM32F4xx_HAL_Driver/Inc/stm32f4xx_hal_i2c.h:568:97: note: expected 'uint8_t *' {aka 'unsigned char *'} but argument is of type 'uint8_t' {aka 'unsigned char'}
  568 | HAL_StatusTypeDef HAL_I2C_Master_Receive(I2C_HandleTypeDef *hi2c, uint16_t DevAddress, uint8_t *pData, uint16_t Size, uint32_t Timeout);
      |                                                                                        ~~~~~~~~~^~~~~
arm-none-eabi-gcc -o "I2C_1.elf" @"objects.list"   -mcpu=cortex-m4 -T"C:\Users\Tom.Zhen\STM32CubeIDE\workspace_1.7.0\I2C_1\STM32F407VGTX_FLASH.ld" --specs=nosys.specs -Wl,-Map="I2C_1.map" -Wl,--gc-sections -static --specs=nano.specs -mfpu=fpv4-sp-d16 -mfloat-abi=hard -mthumb -Wl,--start-group -lc -lm -Wl,--end-group
Finished building target: I2C_1.elf
 
arm-none-eabi-size   I2C_1.elf 
arm-none-eabi-objdump -h -S  I2C_1.elf  > "I2C_1.list"
arm-none-eabi-objcopy  -O binary  I2C_1.elf  "I2C_1.bin"
   text	   data	    bss	    dec	    hex	filename
  13020	     20	   1684	  14724	   3984	I2C_1.elf
Finished building: default.size.stdout
 
Finished building: I2C_1.bin
 
Finished building: I2C_1.list
 

11:55:52 Build Finished. 0 errors, 2 warnings. (took 1s.860ms)

