14:49:20 **** Incremental Build of configuration Debug for project SPI_1 ****
make -j4 all 
arm-none-eabi-gcc "../Core/Src/main.c" -mcpu=cortex-m4 -std=gnu11 -g3 -DDEBUG -DUSE_HAL_DRIVER -DSTM32F407xx -c -I../Core/Inc -I../Drivers/STM32F4xx_HAL_Driver/Inc -I../Drivers/STM32F4xx_HAL_Driver/Inc/Legacy -I../Drivers/CMSIS/Device/ST/STM32F4xx/Include -I../Drivers/CMSIS/Include -O0 -ffunction-sections -fdata-sections -Wall -fstack-usage -MMD -MP -MF"Core/Src/main.d" -MT"Core/Src/main.o" --specs=nano.specs -mfpu=fpv4-sp-d16 -mfloat-abi=hard -mthumb -o "Core/Src/main.o"
arm-none-eabi-gcc -o "SPI_1.elf" @"objects.list"   -mcpu=cortex-m4 -T"C:\Users\Tom.Zhen\STM32CubeIDE\workspace_1.7.0\SPI_1\STM32F407VGTX_FLASH.ld" --specs=nosys.specs -Wl,-Map="SPI_1.map" -Wl,--gc-sections -static --specs=nano.specs -mfpu=fpv4-sp-d16 -mfloat-abi=hard -mthumb -Wl,--start-group -lc -lm -Wl,--end-group
Finished building target: SPI_1.elf
 
arm-none-eabi-size   SPI_1.elf 
arm-none-eabi-objdump -h -S  SPI_1.elf  > "SPI_1.list"
arm-none-eabi-objcopy  -O binary  SPI_1.elf  "SPI_1.bin"
   text	   data	    bss	    dec	    hex	filename
   9328	     20	   1668	  11016	   2b08	SPI_1.elf
Finished building: default.size.stdout
 
Finished building: SPI_1.bin
 
Finished building: SPI_1.list
 

14:49:21 Build Finished. 0 errors, 0 warnings. (took 1s.460ms)

