11:56:03 **** Build of configuration Debug for project Tim_ADC_HAL ****
make -j4 all 
arm-none-eabi-gcc "../Core/Src/main.c" -mcpu=cortex-m4 -std=gnu11 -g3 -DDEBUG -DUSE_HAL_DRIVER -DSTM32F407xx -c -I../Core/Inc -I../Drivers/STM32F4xx_HAL_Driver/Inc -I../Drivers/STM32F4xx_HAL_Driver/Inc/Legacy -I../Drivers/CMSIS/Device/ST/STM32F4xx/Include -I../Drivers/CMSIS/Include -O0 -ffunction-sections -fdata-sections -Wall -fstack-usage -MMD -MP -MF"Core/Src/main.d" -MT"Core/Src/main.o" --specs=nano.specs -mfpu=fpv4-sp-d16 -mfloat-abi=hard -mthumb -o "Core/Src/main.o"
arm-none-eabi-gcc -o "Tim_ADC_HAL.elf" @"objects.list"   -mcpu=cortex-m4 -T"C:\Users\Tom.Zhen\STM32CubeIDE\workspace_1.7.0\Tim_ADC_HAL\STM32F407VGTX_FLASH.ld" --specs=nosys.specs -Wl,-Map="Tim_ADC_HAL.map" -Wl,--gc-sections -static --specs=nano.specs -mfpu=fpv4-sp-d16 -mfloat-abi=hard -mthumb -Wl,--start-group -lc -lm -Wl,--end-group
Finished building target: Tim_ADC_HAL.elf
 
arm-none-eabi-size   Tim_ADC_HAL.elf 
arm-none-eabi-objdump -h -S  Tim_ADC_HAL.elf  > "Tim_ADC_HAL.list"
arm-none-eabi-objcopy  -O binary  Tim_ADC_HAL.elf  "Tim_ADC_HAL.bin"
   text	   data	    bss	    dec	    hex	filename
   7380	     20	   1716	   9116	   239c	Tim_ADC_HAL.elf
Finished building: default.size.stdout
 
Finished building: Tim_ADC_HAL.bin
 
Finished building: Tim_ADC_HAL.list
 

11:56:05 Build Finished. 0 errors, 0 warnings. (took 1s.970ms)

